#! /usr/bin/vvp
:ivl_version "12.0 (stable)";
:ivl_delay_selection "TYPICAL";
:vpi_time_precision - 12;
:vpi_module "/usr/lib/x86_64-linux-gnu/ivl/system.vpi";
:vpi_module "/usr/lib/x86_64-linux-gnu/ivl/vhdl_sys.vpi";
:vpi_module "/usr/lib/x86_64-linux-gnu/ivl/vhdl_textio.vpi";
:vpi_module "/usr/lib/x86_64-linux-gnu/ivl/v2005_math.vpi";
:vpi_module "/usr/lib/x86_64-linux-gnu/ivl/va_math.vpi";
S_0x5c2802b196f0 .scope module, "uart_bram_top_tb" "uart_bram_top_tb" 2 3;
 .timescale -9 -12;
P_0x5c2802b78300 .param/real "BAUD_PERIOD" 0 2 15, Cr<m65b9aaaaaaaaac00gfd2>; value=104167.
P_0x5c2802b78340 .param/l "BAUD_RATE" 0 2 14, +C4<00000000000000000010010110000000>;
v0x5c2802ba29c0_0 .var "arstn", 0 0;
v0x5c2802ba2a80_0 .var "clk", 0 0;
v0x5c2802ba2b40_0 .net "rx_error_flag", 0 0, v0x5c2802ba0110_0;  1 drivers
v0x5c2802ba2c30_0 .var "rx_pin", 0 0;
v0x5c2802ba2d20_0 .net "tx_busy", 0 0, L_0x5c2802bb7470;  1 drivers
v0x5c2802ba2e10_0 .net "tx_en", 0 0, v0x5c2802b9db60_0;  1 drivers
v0x5c2802ba2eb0_0 .net "tx_pin", 0 0, v0x5c2802ba0d00_0;  1 drivers
S_0x5c2802b21fa0 .scope task, "send_uart_byte" "send_uart_byte" 2 34, 2 34 0, S_0x5c2802b196f0;
 .timescale -9 -12;
v0x5c2802b78b70_0 .var "data_byte", 7 0;
v0x5c2802b79350_0 .var/i "i", 31 0;
v0x5c2802b79420_0 .var "parity_bit", 0 0;
TD_uart_bram_top_tb.send_uart_byte ;
    %pushi/vec4 0, 0, 1;
    %store/vec4 v0x5c2802ba2c30_0, 0, 1;
    %delay 104166667, 0;
    %pushi/vec4 0, 0, 32;
    %store/vec4 v0x5c2802b79350_0, 0, 32;
T_0.0 ;
    %load/vec4 v0x5c2802b79350_0;
    %cmpi/s 8, 0, 32;
    %jmp/0xz T_0.1, 5;
    %load/vec4 v0x5c2802b78b70_0;
    %load/vec4 v0x5c2802b79350_0;
    %part/s 1;
    %store/vec4 v0x5c2802ba2c30_0, 0, 1;
    %delay 104166667, 0;
    ; show_stmt_assign_vector: Get l-value for compressed += operand
    %load/vec4 v0x5c2802b79350_0;
    %pushi/vec4 1, 0, 32;
    %add;
    %store/vec4 v0x5c2802b79350_0, 0, 32;
    %jmp T_0.0;
T_0.1 ;
    %load/vec4 v0x5c2802b78b70_0;
    %xor/r;
    %store/vec4 v0x5c2802b79420_0, 0, 1;
    %load/vec4 v0x5c2802b79420_0;
    %store/vec4 v0x5c2802ba2c30_0, 0, 1;
    %delay 104166667, 0;
    %pushi/vec4 1, 0, 1;
    %store/vec4 v0x5c2802ba2c30_0, 0, 1;
    %delay 104166667, 0;
    %delay 208333333, 0;
    %end;
S_0x5c2802b9c880 .scope module, "testbench" "uart_bram_top" 2 17, 3 3 0, S_0x5c2802b196f0;
 .timescale -9 -12;
    .port_info 0 /INPUT 1 "clk";
    .port_info 1 /INPUT 1 "arstn";
    .port_info 2 /INPUT 1 "rx_pin";
    .port_info 3 /OUTPUT 1 "tx_pin";
    .port_info 4 /OUTPUT 1 "rx_error_flag";
    .port_info 5 /OUTPUT 1 "tx_busy";
    .port_info 6 /OUTPUT 1 "tx_en";
v0x5c2802ba1900_0 .net "arstn", 0 0, v0x5c2802ba29c0_0;  1 drivers
v0x5c2802ba1a50_0 .net "bram_addr", 9 0, v0x5c2802b699b0_0;  1 drivers
v0x5c2802ba1b10_0 .net "bram_rd_data", 7 0, v0x5c2802b9f1a0_0;  1 drivers
v0x5c2802ba1bb0_0 .net "bram_wr_data", 7 0, v0x5c2802b67eb0_0;  1 drivers
v0x5c2802ba1c70_0 .net "bram_wr_en", 0 0, v0x5c2802b67f50_0;  1 drivers
v0x5c2802ba1db0_0 .net "clk", 0 0, v0x5c2802ba2a80_0;  1 drivers
v0x5c2802ba1e50_0 .net "clk_en_rx", 0 0, L_0x5c2802bb6f60;  1 drivers
v0x5c2802ba1f40_0 .net "clk_en_tx", 0 0, L_0x5c2802b78900;  1 drivers
v0x5c2802ba2030_0 .net "ready", 0 0, v0x5c2802ba0290_0;  1 drivers
v0x5c2802ba2160_0 .net "ready_clr", 0 0, v0x5c2802b9d710_0;  1 drivers
v0x5c2802ba2250_0 .net "rx_data_out", 7 0, v0x5c2802b9ffb0_0;  1 drivers
v0x5c2802ba2360_0 .net "rx_error_flag", 0 0, v0x5c2802ba0110_0;  alias, 1 drivers
v0x5c2802ba2400_0 .net "rx_pin", 0 0, v0x5c2802ba2c30_0;  1 drivers
v0x5c2802ba24a0_0 .net "tx_busy", 0 0, L_0x5c2802bb7470;  alias, 1 drivers
v0x5c2802ba2590_0 .net "tx_data_in", 7 0, v0x5c2802b9d970_0;  1 drivers
v0x5c2802ba2680_0 .net "tx_en", 0 0, v0x5c2802b9db60_0;  alias, 1 drivers
v0x5c2802ba2770_0 .net "tx_pin", 0 0, v0x5c2802ba0d00_0;  alias, 1 drivers
S_0x5c2802b9cb30 .scope module, "FSM" "uart_bram_ctrl" 3 24, 4 2 0, S_0x5c2802b9c880;
 .timescale -9 -12;
    .port_info 0 /INPUT 1 "clk";
    .port_info 1 /INPUT 1 "arstn";
    .port_info 2 /OUTPUT 1 "bram_wr_en";
    .port_info 3 /OUTPUT 10 "bram_address";
    .port_info 4 /OUTPUT 8 "bram_wr_data";
    .port_info 5 /INPUT 8 "bram_rd_data";
    .port_info 6 /INPUT 8 "rx_data_out";
    .port_info 7 /INPUT 1 "rx_ready";
    .port_info 8 /OUTPUT 1 "rx_ready_clr";
    .port_info 9 /OUTPUT 8 "tx_data_in";
    .port_info 10 /OUTPUT 1 "tx_en";
    .port_info 11 /INPUT 1 "tx_busy";
P_0x5c2802b9cd10 .param/l "RCV_ADDR_HIGH" 0 4 28, C4<010>;
P_0x5c2802b9cd50 .param/l "RCV_ADDR_LOW" 0 4 27, C4<001>;
P_0x5c2802b9cd90 .param/l "RCV_DATA" 0 4 29, C4<011>;
P_0x5c2802b9cdd0 .param/l "RCV_WR" 0 4 26, C4<000>;
P_0x5c2802b9ce10 .param/l "READ_BRAM" 0 4 32, C4<101>;
P_0x5c2802b9ce50 .param/l "STOP" 0 4 33, C4<110>;
P_0x5c2802b9ce90 .param/l "WRITE_BRAM" 0 4 31, C4<100>;
v0x5c2802b7caa0_0 .var "addr", 9 0;
v0x5c2802b7cb40_0 .net "arstn", 0 0, v0x5c2802ba29c0_0;  alias, 1 drivers
v0x5c2802b699b0_0 .var "bram_address", 9 0;
v0x5c2802b69da0_0 .net "bram_rd_data", 7 0, v0x5c2802b9f1a0_0;  alias, 1 drivers
v0x5c2802b67eb0_0 .var "bram_wr_data", 7 0;
v0x5c2802b67f50_0 .var "bram_wr_en", 0 0;
v0x5c2802b64350_0 .net "clk", 0 0, v0x5c2802ba2a80_0;  alias, 1 drivers
v0x5c2802b643f0_0 .var "rcv_addr_high", 7 0;
v0x5c2802b5e840_0 .var "rcv_addr_low", 7 0;
v0x5c2802b5e910_0 .var "rcv_data", 7 0;
v0x5c2802b5f0f0_0 .var "rcv_wr", 7 0;
v0x5c2802b5f1c0_0 .net "rx_data_out", 7 0, v0x5c2802b9ffb0_0;  alias, 1 drivers
v0x5c2802b9d650_0 .net "rx_ready", 0 0, v0x5c2802ba0290_0;  alias, 1 drivers
v0x5c2802b9d710_0 .var "rx_ready_clr", 0 0;
v0x5c2802b9d7d0_0 .var "state", 2 0;
v0x5c2802b9d8b0_0 .net "tx_busy", 0 0, L_0x5c2802bb7470;  alias, 1 drivers
v0x5c2802b9d970_0 .var "tx_data_in", 7 0;
v0x5c2802b9db60_0 .var "tx_en", 0 0;
v0x5c2802b9dc20_0 .var "wait_flag", 0 0;
E_0x5c2802b20660/0 .event negedge, v0x5c2802b7cb40_0;
E_0x5c2802b20660/1 .event posedge, v0x5c2802b64350_0;
E_0x5c2802b20660 .event/or E_0x5c2802b20660/0, E_0x5c2802b20660/1;
S_0x5c2802b9de60 .scope module, "baud_gen" "baud_rate_gen" 3 39, 5 1 0, S_0x5c2802b9c880;
 .timescale -9 -12;
    .port_info 0 /INPUT 1 "clk";
    .port_info 1 /INPUT 1 "arstn";
    .port_info 2 /OUTPUT 1 "Rclk_en";
    .port_info 3 /OUTPUT 1 "Tclk_en";
P_0x5c2802b784b0 .param/l "RX_ACC_MAX" 0 5 9, +C4<00000000000000000000000010110000>;
P_0x5c2802b784f0 .param/l "RX_ACC_WIDTH" 0 5 11, +C4<00000000000000000000000000001000>;
L_0x5c2802b78900 .functor AND 1, L_0x5c2802bb71f0, L_0x5c2802bb6f60, C4<1>, C4<1>;
v0x5c2802b9e0b0_0 .net "Rclk_en", 0 0, L_0x5c2802bb6f60;  alias, 1 drivers
v0x5c2802b9e170_0 .net "Tclk_en", 0 0, L_0x5c2802b78900;  alias, 1 drivers
v0x5c2802b9e230_0 .net *"_ivl_0", 31 0, L_0x5c2802ba6dd0;  1 drivers
L_0x797995bb70a8 .functor BUFT 1, C4<0000000000000000000000000000>, C4<0>, C4<0>, C4<0>;
v0x5c2802b9e2f0_0 .net *"_ivl_11", 27 0, L_0x797995bb70a8;  1 drivers
L_0x797995bb70f0 .functor BUFT 1, C4<00000000000000000000000000000000>, C4<0>, C4<0>, C4<0>;
v0x5c2802b9e3d0_0 .net/2u *"_ivl_12", 31 0, L_0x797995bb70f0;  1 drivers
v0x5c2802b9e500_0 .net *"_ivl_14", 0 0, L_0x5c2802bb71f0;  1 drivers
L_0x797995bb7018 .functor BUFT 1, C4<000000000000000000000000>, C4<0>, C4<0>, C4<0>;
v0x5c2802b9e5c0_0 .net *"_ivl_3", 23 0, L_0x797995bb7018;  1 drivers
L_0x797995bb7060 .functor BUFT 1, C4<00000000000000000000000000000000>, C4<0>, C4<0>, C4<0>;
v0x5c2802b9e6a0_0 .net/2u *"_ivl_4", 31 0, L_0x797995bb7060;  1 drivers
v0x5c2802b9e780_0 .net *"_ivl_8", 31 0, L_0x5c2802bb70a0;  1 drivers
v0x5c2802b9e860_0 .net "arstn", 0 0, v0x5c2802ba29c0_0;  alias, 1 drivers
v0x5c2802b9e900_0 .net "clk", 0 0, v0x5c2802ba2a80_0;  alias, 1 drivers
v0x5c2802b9e9a0_0 .var "rx_acc", 7 0;
v0x5c2802b9ea40_0 .var "tx_acc", 3 0;
L_0x5c2802ba6dd0 .concat [ 8 24 0 0], v0x5c2802b9e9a0_0, L_0x797995bb7018;
L_0x5c2802bb6f60 .cmp/eq 32, L_0x5c2802ba6dd0, L_0x797995bb7060;
L_0x5c2802bb70a0 .concat [ 4 28 0 0], v0x5c2802b9ea40_0, L_0x797995bb70a8;
L_0x5c2802bb71f0 .cmp/eq 32, L_0x5c2802bb70a0, L_0x797995bb70f0;
S_0x5c2802b9eba0 .scope module, "bram" "BRAM" 3 72, 6 1 0, S_0x5c2802b9c880;
 .timescale -9 -12;
    .port_info 0 /INPUT 1 "clk";
    .port_info 1 /INPUT 1 "wr_en";
    .port_info 2 /INPUT 10 "addr";
    .port_info 3 /INPUT 8 "wr_data";
    .port_info 4 /OUTPUT 8 "rd_data";
P_0x5c2802b9ed30 .param/l "RAM_DEPTH" 0 6 4, +C4<00000000000000000000010000000000>;
P_0x5c2802b9ed70 .param/l "RAM_WIDTH" 0 6 3, +C4<00000000000000000000000000001000>;
v0x5c2802b9ef10 .array "BRAM", 0 1023, 7 0;
v0x5c2802b9eff0_0 .net "addr", 9 0, v0x5c2802b699b0_0;  alias, 1 drivers
v0x5c2802b9f0b0_0 .net "clk", 0 0, v0x5c2802ba2a80_0;  alias, 1 drivers
v0x5c2802b9f1a0_0 .var "rd_data", 7 0;
v0x5c2802b9f240_0 .net "wr_data", 7 0, v0x5c2802b67eb0_0;  alias, 1 drivers
v0x5c2802b9f330_0 .net "wr_en", 0 0, v0x5c2802b67f50_0;  alias, 1 drivers
E_0x5c2802b20110 .event posedge, v0x5c2802b64350_0;
S_0x5c2802b9f440 .scope module, "rcv" "uart_rx" 3 46, 7 1 0, S_0x5c2802b9c880;
 .timescale -9 -12;
    .port_info 0 /INPUT 1 "clk";
    .port_info 1 /INPUT 1 "arstn";
    .port_info 2 /INPUT 1 "clk_en";
    .port_info 3 /OUTPUT 1 "ready";
    .port_info 4 /INPUT 1 "ready_clr";
    .port_info 5 /INPUT 1 "Rx";
    .port_info 6 /INPUT 1 "Rx_en";
    .port_info 7 /OUTPUT 8 "data";
    .port_info 8 /OUTPUT 1 "error_flag";
P_0x5c2802b9f620 .param/l "RX_DATA" 1 7 20, C4<010>;
P_0x5c2802b9f660 .param/l "RX_IDLE" 1 7 18, C4<000>;
P_0x5c2802b9f6a0 .param/l "RX_PARITY" 1 7 21, C4<011>;
P_0x5c2802b9f6e0 .param/l "RX_START" 1 7 19, C4<001>;
P_0x5c2802b9f720 .param/l "RX_STOP" 1 7 22, C4<100>;
v0x5c2802b9faf0_0 .net "Rx", 0 0, v0x5c2802ba2c30_0;  alias, 1 drivers
L_0x797995bb7138 .functor BUFT 1, C4<1>, C4<0>, C4<0>, C4<0>;
v0x5c2802b9fbb0_0 .net "Rx_en", 0 0, L_0x797995bb7138;  1 drivers
v0x5c2802b9fc70_0 .net "arstn", 0 0, v0x5c2802ba29c0_0;  alias, 1 drivers
v0x5c2802b9fd60_0 .var "bit_pos", 3 0;
v0x5c2802b9fe20_0 .net "clk", 0 0, v0x5c2802ba2a80_0;  alias, 1 drivers
v0x5c2802b9ff10_0 .net "clk_en", 0 0, L_0x5c2802bb6f60;  alias, 1 drivers
v0x5c2802b9ffb0_0 .var "data", 7 0;
v0x5c2802ba0050_0 .var "data_buffer", 7 0;
v0x5c2802ba0110_0 .var "error_flag", 0 0;
v0x5c2802ba01d0_0 .var "parity_check", 0 0;
v0x5c2802ba0290_0 .var "ready", 0 0;
v0x5c2802ba0360_0 .net "ready_clr", 0 0, v0x5c2802b9d710_0;  alias, 1 drivers
v0x5c2802ba0430_0 .var "sample", 3 0;
v0x5c2802ba04d0_0 .var "state", 2 0;
S_0x5c2802ba06d0 .scope module, "transmit" "uart_tx" 3 58, 8 1 0, S_0x5c2802b9c880;
 .timescale -9 -12;
    .port_info 0 /INPUT 1 "clk";
    .port_info 1 /INPUT 1 "arstn";
    .port_info 2 /INPUT 1 "clk_en";
    .port_info 3 /INPUT 8 "data_in";
    .port_info 4 /INPUT 1 "Tx_en";
    .port_info 5 /OUTPUT 1 "Tx";
    .port_info 6 /OUTPUT 1 "Tx_busy";
P_0x5c2802ba08b0 .param/l "TX_DATA" 1 8 17, C4<010>;
P_0x5c2802ba08f0 .param/l "TX_IDLE" 1 8 15, C4<000>;
P_0x5c2802ba0930 .param/l "TX_PARITY" 1 8 18, C4<011>;
P_0x5c2802ba0970 .param/l "TX_START" 1 8 16, C4<001>;
P_0x5c2802ba09b0 .param/l "TX_STOP" 1 8 19, C4<100>;
v0x5c2802ba0d00_0 .var "Tx", 0 0;
v0x5c2802ba0dc0_0 .net "Tx_busy", 0 0, L_0x5c2802bb7470;  alias, 1 drivers
v0x5c2802ba0e80_0 .net "Tx_en", 0 0, v0x5c2802b9db60_0;  alias, 1 drivers
L_0x797995bb7180 .functor BUFT 1, C4<000>, C4<0>, C4<0>, C4<0>;
v0x5c2802ba0f80_0 .net/2u *"_ivl_0", 2 0, L_0x797995bb7180;  1 drivers
v0x5c2802ba1020_0 .net "arstn", 0 0, v0x5c2802ba29c0_0;  alias, 1 drivers
v0x5c2802ba1110_0 .var "bit_pos", 2 0;
v0x5c2802ba11b0_0 .net "clk", 0 0, v0x5c2802ba2a80_0;  alias, 1 drivers
v0x5c2802ba12e0_0 .net "clk_en", 0 0, L_0x5c2802b78900;  alias, 1 drivers
v0x5c2802ba1380_0 .var "count", 1 0;
v0x5c2802ba14d0_0 .var "data_buffer", 7 0;
v0x5c2802ba15b0_0 .net "data_in", 7 0, v0x5c2802b9d970_0;  alias, 1 drivers
v0x5c2802ba16a0_0 .var "parity_check", 0 0;
v0x5c2802ba1740_0 .var "state", 2 0;
L_0x5c2802bb7470 .cmp/ne 3, v0x5c2802ba1740_0, L_0x797995bb7180;
S_0x5c2802b19880 .scope module, "uart_top" "uart_top" 9 2;
 .timescale -9 -12;
    .port_info 0 /INPUT 1 "clk";
    .port_info 1 /INPUT 1 "arstn";
    .port_info 2 /INPUT 8 "data_in";
    .port_info 3 /INPUT 1 "Tx_en";
    .port_info 4 /OUTPUT 1 "Tx";
    .port_info 5 /OUTPUT 1 "Tx_busy";
    .port_info 6 /OUTPUT 1 "ready";
    .port_info 7 /INPUT 1 "ready_clr";
    .port_info 8 /INPUT 1 "Rx";
    .port_info 9 /INPUT 1 "Rx_en";
    .port_info 10 /OUTPUT 8 "data";
    .port_info 11 /OUTPUT 1 "error_flag";
o0x797995ebe158 .functor BUFZ 1, C4<z>; HiZ drive
v0x5c2802ba62b0_0 .net "Rx", 0 0, o0x797995ebe158;  0 drivers
v0x5c2802ba6370_0 .net "Rx_clk_en", 0 0, L_0x5c2802bb76c0;  1 drivers
o0x797995ebe188 .functor BUFZ 1, C4<z>; HiZ drive
v0x5c2802ba6460_0 .net "Rx_en", 0 0, o0x797995ebe188;  0 drivers
v0x5c2802ba6500_0 .net "Tx", 0 0, v0x5c2802ba48c0_0;  1 drivers
v0x5c2802ba65a0_0 .net "Tx_busy", 0 0, L_0x5c2802bb7be0;  1 drivers
v0x5c2802ba6690_0 .net "Tx_clk_en", 0 0, L_0x5c2802b67d90;  1 drivers
o0x797995ebe608 .functor BUFZ 1, C4<z>; HiZ drive
v0x5c2802ba6780_0 .net "Tx_en", 0 0, o0x797995ebe608;  0 drivers
o0x797995ebe1b8 .functor BUFZ 1, C4<z>; HiZ drive
v0x5c2802ba6820_0 .net "arstn", 0 0, o0x797995ebe1b8;  0 drivers
o0x797995ebe218 .functor BUFZ 1, C4<z>; HiZ drive
v0x5c2802ba68c0_0 .net "clk", 0 0, o0x797995ebe218;  0 drivers
v0x5c2802ba69f0_0 .net "data", 7 0, v0x5c2802ba3b40_0;  1 drivers
o0x797995ebe728 .functor BUFZ 8, C4<zzzzzzzz>; HiZ drive
v0x5c2802ba6a90_0 .net "data_in", 7 0, o0x797995ebe728;  0 drivers
v0x5c2802ba6b30_0 .net "error_flag", 0 0, v0x5c2802ba3d00_0;  1 drivers
v0x5c2802ba6bd0_0 .net "ready", 0 0, v0x5c2802ba3e80_0;  1 drivers
o0x797995ebe368 .functor BUFZ 1, C4<z>; HiZ drive
v0x5c2802ba6ca0_0 .net "ready_clr", 0 0, o0x797995ebe368;  0 drivers
S_0x5c2802ba2fa0 .scope module, "receiver" "uart_rx" 9 34, 7 1 0, S_0x5c2802b19880;
 .timescale -9 -12;
    .port_info 0 /INPUT 1 "clk";
    .port_info 1 /INPUT 1 "arstn";
    .port_info 2 /INPUT 1 "clk_en";
    .port_info 3 /OUTPUT 1 "ready";
    .port_info 4 /INPUT 1 "ready_clr";
    .port_info 5 /INPUT 1 "Rx";
    .port_info 6 /INPUT 1 "Rx_en";
    .port_info 7 /OUTPUT 8 "data";
    .port_info 8 /OUTPUT 1 "error_flag";
P_0x5c2802ba3180 .param/l "RX_DATA" 1 7 20, C4<010>;
P_0x5c2802ba31c0 .param/l "RX_IDLE" 1 7 18, C4<000>;
P_0x5c2802ba3200 .param/l "RX_PARITY" 1 7 21, C4<011>;
P_0x5c2802ba3240 .param/l "RX_START" 1 7 19, C4<001>;
P_0x5c2802ba3280 .param/l "RX_STOP" 1 7 22, C4<100>;
v0x5c2802ba3650_0 .net "Rx", 0 0, o0x797995ebe158;  alias, 0 drivers
v0x5c2802ba3730_0 .net "Rx_en", 0 0, o0x797995ebe188;  alias, 0 drivers
v0x5c2802ba37f0_0 .net "arstn", 0 0, o0x797995ebe1b8;  alias, 0 drivers
v0x5c2802ba3890_0 .var "bit_pos", 3 0;
v0x5c2802ba3970_0 .net "clk", 0 0, o0x797995ebe218;  alias, 0 drivers
v0x5c2802ba3a80_0 .net "clk_en", 0 0, L_0x5c2802bb76c0;  alias, 1 drivers
v0x5c2802ba3b40_0 .var "data", 7 0;
v0x5c2802ba3c20_0 .var "data_buffer", 7 0;
v0x5c2802ba3d00_0 .var "error_flag", 0 0;
v0x5c2802ba3dc0_0 .var "parity_check", 0 0;
v0x5c2802ba3e80_0 .var "ready", 0 0;
v0x5c2802ba3f40_0 .net "ready_clr", 0 0, o0x797995ebe368;  alias, 0 drivers
v0x5c2802ba4000_0 .var "sample", 3 0;
v0x5c2802ba40e0_0 .var "state", 2 0;
E_0x5c2802b1f360/0 .event negedge, v0x5c2802ba37f0_0;
E_0x5c2802b1f360/1 .event posedge, v0x5c2802ba3970_0;
E_0x5c2802b1f360 .event/or E_0x5c2802b1f360/0, E_0x5c2802b1f360/1;
S_0x5c2802ba42e0 .scope module, "transmitter" "uart_tx" 9 24, 8 1 0, S_0x5c2802b19880;
 .timescale -9 -12;
    .port_info 0 /INPUT 1 "clk";
    .port_info 1 /INPUT 1 "arstn";
    .port_info 2 /INPUT 1 "clk_en";
    .port_info 3 /INPUT 8 "data_in";
    .port_info 4 /INPUT 1 "Tx_en";
    .port_info 5 /OUTPUT 1 "Tx";
    .port_info 6 /OUTPUT 1 "Tx_busy";
P_0x5c2802ba4490 .param/l "TX_DATA" 1 8 17, C4<010>;
P_0x5c2802ba44d0 .param/l "TX_IDLE" 1 8 15, C4<000>;
P_0x5c2802ba4510 .param/l "TX_PARITY" 1 8 18, C4<011>;
P_0x5c2802ba4550 .param/l "TX_START" 1 8 16, C4<001>;
P_0x5c2802ba4590 .param/l "TX_STOP" 1 8 19, C4<100>;
v0x5c2802ba48c0_0 .var "Tx", 0 0;
v0x5c2802ba4980_0 .net "Tx_busy", 0 0, L_0x5c2802bb7be0;  alias, 1 drivers
v0x5c2802ba4a40_0 .net "Tx_en", 0 0, o0x797995ebe608;  alias, 0 drivers
L_0x797995bb72e8 .functor BUFT 1, C4<000>, C4<0>, C4<0>, C4<0>;
v0x5c2802ba4ae0_0 .net/2u *"_ivl_0", 2 0, L_0x797995bb72e8;  1 drivers
v0x5c2802ba4bc0_0 .net "arstn", 0 0, o0x797995ebe1b8;  alias, 0 drivers
v0x5c2802ba4cb0_0 .var "bit_pos", 2 0;
v0x5c2802ba4d70_0 .net "clk", 0 0, o0x797995ebe218;  alias, 0 drivers
v0x5c2802ba4e10_0 .net "clk_en", 0 0, L_0x5c2802b67d90;  alias, 1 drivers
v0x5c2802ba4eb0_0 .var "count", 1 0;
v0x5c2802ba5020_0 .var "data_buffer", 7 0;
v0x5c2802ba5100_0 .net "data_in", 7 0, o0x797995ebe728;  alias, 0 drivers
v0x5c2802ba51e0_0 .var "parity_check", 0 0;
v0x5c2802ba52a0_0 .var "state", 2 0;
L_0x5c2802bb7be0 .cmp/ne 3, v0x5c2802ba52a0_0, L_0x797995bb72e8;
S_0x5c2802ba5460 .scope module, "uart_baud" "baud_rate_gen" 9 17, 5 1 0, S_0x5c2802b19880;
 .timescale -9 -12;
    .port_info 0 /INPUT 1 "clk";
    .port_info 1 /INPUT 1 "arstn";
    .port_info 2 /OUTPUT 1 "Rclk_en";
    .port_info 3 /OUTPUT 1 "Tclk_en";
P_0x5c2802ba55f0 .param/l "RX_ACC_MAX" 0 5 9, +C4<00000000000000000000000010110000>;
P_0x5c2802ba5630 .param/l "RX_ACC_WIDTH" 0 5 11, +C4<00000000000000000000000000001000>;
L_0x5c2802b67d90 .functor AND 1, L_0x5c2802bb79b0, L_0x5c2802bb76c0, C4<1>, C4<1>;
v0x5c2802ba57b0_0 .net "Rclk_en", 0 0, L_0x5c2802bb76c0;  alias, 1 drivers
v0x5c2802ba5850_0 .net "Tclk_en", 0 0, L_0x5c2802b67d90;  alias, 1 drivers
v0x5c2802ba58f0_0 .net *"_ivl_0", 31 0, L_0x5c2802bb75a0;  1 drivers
L_0x797995bb7258 .functor BUFT 1, C4<0000000000000000000000000000>, C4<0>, C4<0>, C4<0>;
v0x5c2802ba5990_0 .net *"_ivl_11", 27 0, L_0x797995bb7258;  1 drivers
L_0x797995bb72a0 .functor BUFT 1, C4<00000000000000000000000000000000>, C4<0>, C4<0>, C4<0>;
v0x5c2802ba5a50_0 .net/2u *"_ivl_12", 31 0, L_0x797995bb72a0;  1 drivers
v0x5c2802ba5b80_0 .net *"_ivl_14", 0 0, L_0x5c2802bb79b0;  1 drivers
L_0x797995bb71c8 .functor BUFT 1, C4<000000000000000000000000>, C4<0>, C4<0>, C4<0>;
v0x5c2802ba5c40_0 .net *"_ivl_3", 23 0, L_0x797995bb71c8;  1 drivers
L_0x797995bb7210 .functor BUFT 1, C4<00000000000000000000000000000000>, C4<0>, C4<0>, C4<0>;
v0x5c2802ba5d20_0 .net/2u *"_ivl_4", 31 0, L_0x797995bb7210;  1 drivers
v0x5c2802ba5e00_0 .net *"_ivl_8", 31 0, L_0x5c2802bb7800;  1 drivers
v0x5c2802ba5ee0_0 .net "arstn", 0 0, o0x797995ebe1b8;  alias, 0 drivers
v0x5c2802ba5f80_0 .net "clk", 0 0, o0x797995ebe218;  alias, 0 drivers
v0x5c2802ba6070_0 .var "rx_acc", 7 0;
v0x5c2802ba6150_0 .var "tx_acc", 3 0;
L_0x5c2802bb75a0 .concat [ 8 24 0 0], v0x5c2802ba6070_0, L_0x797995bb71c8;
L_0x5c2802bb76c0 .cmp/eq 32, L_0x5c2802bb75a0, L_0x797995bb7210;
L_0x5c2802bb7800 .concat [ 4 28 0 0], v0x5c2802ba6150_0, L_0x797995bb7258;
L_0x5c2802bb79b0 .cmp/eq 32, L_0x5c2802bb7800, L_0x797995bb72a0;
    .scope S_0x5c2802b9cb30;
T_1 ;
    %pushi/vec4 0, 0, 3;
    %store/vec4 v0x5c2802b9d7d0_0, 0, 3;
    %pushi/vec4 0, 0, 1;
    %store/vec4 v0x5c2802b9dc20_0, 0, 1;
    %end;
    .thread T_1;
    .scope S_0x5c2802b9cb30;
T_2 ;
    %wait E_0x5c2802b20660;
    %load/vec4 v0x5c2802b7cb40_0;
    %inv;
    %flag_set/vec4 8;
    %jmp/0xz  T_2.0, 8;
    %pushi/vec4 0, 0, 1;
    %assign/vec4 v0x5c2802b67f50_0, 0;
    %pushi/vec4 0, 0, 10;
    %assign/vec4 v0x5c2802b699b0_0, 0;
    %pushi/vec4 0, 0, 8;
    %assign/vec4 v0x5c2802b67eb0_0, 0;
    %pushi/vec4 0, 0, 1;
    %assign/vec4 v0x5c2802b9d710_0, 0;
    %pushi/vec4 0, 0, 8;
    %assign/vec4 v0x5c2802b9d970_0, 0;
    %pushi/vec4 0, 0, 1;
    %assign/vec4 v0x5c2802b9db60_0, 0;
    %pushi/vec4 0, 0, 3;
    %assign/vec4 v0x5c2802b9d7d0_0, 0;
    %jmp T_2.1;
T_2.0 ;
    %load/vec4 v0x5c2802b9d7d0_0;
    %dup/vec4;
    %pushi/vec4 0, 0, 3;
    %cmp/u;
    %jmp/1 T_2.2, 6;
    %dup/vec4;
    %pushi/vec4 1, 0, 3;
    %cmp/u;
    %jmp/1 T_2.3, 6;
    %dup/vec4;
    %pushi/vec4 2, 0, 3;
    %cmp/u;
    %jmp/1 T_2.4, 6;
    %dup/vec4;
    %pushi/vec4 3, 0, 3;
    %cmp/u;
    %jmp/1 T_2.5, 6;
    %dup/vec4;
    %pushi/vec4 4, 0, 3;
    %cmp/u;
    %jmp/1 T_2.6, 6;
    %dup/vec4;
    %pushi/vec4 5, 0, 3;
    %cmp/u;
    %jmp/1 T_2.7, 6;
    %dup/vec4;
    %pushi/vec4 6, 0, 3;
    %cmp/u;
    %jmp/1 T_2.8, 6;
    %pushi/vec4 0, 0, 3;
    %assign/vec4 v0x5c2802b9d7d0_0, 0;
    %jmp T_2.10;
T_2.2 ;
    %load/vec4 v0x5c2802b9d650_0;
    %flag_set/vec4 9;
    %flag_get/vec4 9;
    %jmp/0 T_2.13, 9;
    %load/vec4 v0x5c2802b9d710_0;
    %nor/r;
    %and;
T_2.13;
    %flag_set/vec4 8;
    %jmp/0xz  T_2.11, 8;
    %load/vec4 v0x5c2802b5f1c0_0;
    %assign/vec4 v0x5c2802b5f0f0_0, 0;
    %pushi/vec4 1, 0, 1;
    %assign/vec4 v0x5c2802b9d710_0, 0;
    %jmp T_2.12;
T_2.11 ;
    %load/vec4 v0x5c2802b9d710_0;
    %flag_set/vec4 8;
    %jmp/0xz  T_2.14, 8;
    %pushi/vec4 0, 0, 1;
    %assign/vec4 v0x5c2802b9d710_0, 0;
    %pushi/vec4 1, 0, 3;
    %assign/vec4 v0x5c2802b9d7d0_0, 0;
T_2.14 ;
T_2.12 ;
    %jmp T_2.10;
T_2.3 ;
    %load/vec4 v0x5c2802b9d650_0;
    %flag_set/vec4 9;
    %flag_get/vec4 9;
    %jmp/0 T_2.18, 9;
    %load/vec4 v0x5c2802b9d710_0;
    %nor/r;
    %and;
T_2.18;
    %flag_set/vec4 8;
    %jmp/0xz  T_2.16, 8;
    %load/vec4 v0x5c2802b5f1c0_0;
    %assign/vec4 v0x5c2802b5e840_0, 0;
    %pushi/vec4 1, 0, 1;
    %assign/vec4 v0x5c2802b9d710_0, 0;
    %jmp T_2.17;
T_2.16 ;
    %load/vec4 v0x5c2802b9d710_0;
    %flag_set/vec4 8;
    %jmp/0xz  T_2.19, 8;
    %pushi/vec4 0, 0, 1;
    %assign/vec4 v0x5c2802b9d710_0, 0;
    %pushi/vec4 2, 0, 3;
    %assign/vec4 v0x5c2802b9d7d0_0, 0;
T_2.19 ;
T_2.17 ;
    %jmp T_2.10;
T_2.4 ;
    %load/vec4 v0x5c2802b9d650_0;
    %flag_set/vec4 9;
    %flag_get/vec4 9;
    %jmp/0 T_2.23, 9;
    %load/vec4 v0x5c2802b9d710_0;
    %nor/r;
    %and;
T_2.23;
    %flag_set/vec4 8;
    %jmp/0xz  T_2.21, 8;
    %load/vec4 v0x5c2802b5f1c0_0;
    %assign/vec4 v0x5c2802b643f0_0, 0;
    %pushi/vec4 1, 0, 1;
    %assign/vec4 v0x5c2802b9d710_0, 0;
    %jmp T_2.22;
T_2.21 ;
    %load/vec4 v0x5c2802b9d710_0;
    %flag_set/vec4 8;
    %jmp/0xz  T_2.24, 8;
    %pushi/vec4 0, 0, 1;
    %assign/vec4 v0x5c2802b9d710_0, 0;
    %pushi/vec4 3, 0, 3;
    %assign/vec4 v0x5c2802b9d7d0_0, 0;
    %load/vec4 v0x5c2802b643f0_0;
    %parti/s 2, 0, 2;
    %load/vec4 v0x5c2802b5e840_0;
    %concat/vec4; draw_concat_vec4
    %assign/vec4 v0x5c2802b7caa0_0, 0;
T_2.24 ;
T_2.22 ;
    %jmp T_2.10;
T_2.5 ;
    %load/vec4 v0x5c2802b7caa0_0;
    %assign/vec4 v0x5c2802b699b0_0, 0;
    %load/vec4 v0x5c2802b9d650_0;
    %flag_set/vec4 9;
    %flag_get/vec4 9;
    %jmp/0 T_2.28, 9;
    %load/vec4 v0x5c2802b9d710_0;
    %nor/r;
    %and;
T_2.28;
    %flag_set/vec4 8;
    %jmp/0xz  T_2.26, 8;
    %load/vec4 v0x5c2802b5f1c0_0;
    %assign/vec4 v0x5c2802b5e910_0, 0;
    %pushi/vec4 1, 0, 1;
    %assign/vec4 v0x5c2802b9d710_0, 0;
    %jmp T_2.27;
T_2.26 ;
    %load/vec4 v0x5c2802b9d710_0;
    %flag_set/vec4 8;
    %jmp/0xz  T_2.29, 8;
    %pushi/vec4 0, 0, 1;
    %assign/vec4 v0x5c2802b9d710_0, 0;
    %load/vec4 v0x5c2802b5f0f0_0;
    %cmpi/e 87, 0, 8;
    %jmp/0xz  T_2.31, 4;
    %pushi/vec4 4, 0, 3;
    %assign/vec4 v0x5c2802b9d7d0_0, 0;
    %jmp T_2.32;
T_2.31 ;
    %load/vec4 v0x5c2802b5f0f0_0;
    %cmpi/e 82, 0, 8;
    %jmp/0xz  T_2.33, 4;
    %pushi/vec4 5, 0, 3;
    %assign/vec4 v0x5c2802b9d7d0_0, 0;
T_2.33 ;
T_2.32 ;
T_2.29 ;
T_2.27 ;
    %jmp T_2.10;
T_2.6 ;
    %pushi/vec4 1, 0, 1;
    %assign/vec4 v0x5c2802b67f50_0, 0;
    %load/vec4 v0x5c2802b5e910_0;
    %assign/vec4 v0x5c2802b67eb0_0, 0;
    %pushi/vec4 6, 0, 3;
    %assign/vec4 v0x5c2802b9d7d0_0, 0;
    %jmp T_2.10;
T_2.7 ;
    %pushi/vec4 0, 0, 1;
    %assign/vec4 v0x5c2802b67f50_0, 0;
    %load/vec4 v0x5c2802b69da0_0;
    %assign/vec4 v0x5c2802b9d970_0, 0;
    %pushi/vec4 1, 0, 1;
    %assign/vec4 v0x5c2802b9db60_0, 0;
    %pushi/vec4 6, 0, 3;
    %assign/vec4 v0x5c2802b9d7d0_0, 0;
    %jmp T_2.10;
T_2.8 ;
    %pushi/vec4 0, 0, 1;
    %assign/vec4 v0x5c2802b67f50_0, 0;
    %pushi/vec4 0, 0, 1;
    %assign/vec4 v0x5c2802b9db60_0, 0;
    %pushi/vec4 0, 0, 3;
    %assign/vec4 v0x5c2802b9d7d0_0, 0;
    %jmp T_2.10;
T_2.10 ;
    %pop/vec4 1;
T_2.1 ;
    %jmp T_2;
    .thread T_2;
    .scope S_0x5c2802b9de60;
T_3 ;
    %pushi/vec4 0, 0, 8;
    %store/vec4 v0x5c2802b9e9a0_0, 0, 8;
    %pushi/vec4 0, 0, 4;
    %store/vec4 v0x5c2802b9ea40_0, 0, 4;
    %end;
    .thread T_3;
    .scope S_0x5c2802b9de60;
T_4 ;
    %wait E_0x5c2802b20660;
    %load/vec4 v0x5c2802b9e860_0;
    %inv;
    %flag_set/vec4 8;
    %jmp/0xz  T_4.0, 8;
    %pushi/vec4 0, 0, 8;
    %assign/vec4 v0x5c2802b9e9a0_0, 0;
    %jmp T_4.1;
T_4.0 ;
    %load/vec4 v0x5c2802b9e9a0_0;
    %pad/u 32;
    %cmpi/e 175, 0, 32;
    %jmp/0xz  T_4.2, 4;
    %pushi/vec4 0, 0, 8;
    %assign/vec4 v0x5c2802b9e9a0_0, 0;
    %jmp T_4.3;
T_4.2 ;
    %load/vec4 v0x5c2802b9e9a0_0;
    %addi 1, 0, 8;
    %assign/vec4 v0x5c2802b9e9a0_0, 0;
T_4.3 ;
T_4.1 ;
    %jmp T_4;
    .thread T_4;
    .scope S_0x5c2802b9de60;
T_5 ;
    %wait E_0x5c2802b20660;
    %load/vec4 v0x5c2802b9e860_0;
    %inv;
    %flag_set/vec4 8;
    %jmp/0xz  T_5.0, 8;
    %pushi/vec4 0, 0, 4;
    %assign/vec4 v0x5c2802b9ea40_0, 0;
    %jmp T_5.1;
T_5.0 ;
    %load/vec4 v0x5c2802b9e0b0_0;
    %flag_set/vec4 8;
    %jmp/0xz  T_5.2, 8;
    %load/vec4 v0x5c2802b9ea40_0;
    %addi 1, 0, 4;
    %assign/vec4 v0x5c2802b9ea40_0, 0;
T_5.2 ;
T_5.1 ;
    %jmp T_5;
    .thread T_5;
    .scope S_0x5c2802b9f440;
T_6 ;
    %pushi/vec4 0, 0, 3;
    %store/vec4 v0x5c2802ba04d0_0, 0, 3;
    %pushi/vec4 0, 0, 4;
    %store/vec4 v0x5c2802ba0430_0, 0, 4;
    %pushi/vec4 0, 0, 8;
    %store/vec4 v0x5c2802ba0050_0, 0, 8;
    %pushi/vec4 0, 0, 4;
    %store/vec4 v0x5c2802b9fd60_0, 0, 4;
    %pushi/vec4 0, 0, 1;
    %store/vec4 v0x5c2802ba01d0_0, 0, 1;
    %end;
    .thread T_6;
    .scope S_0x5c2802b9f440;
T_7 ;
    %pushi/vec4 0, 0, 1;
    %store/vec4 v0x5c2802ba0290_0, 0, 1;
    %pushi/vec4 0, 0, 8;
    %store/vec4 v0x5c2802b9ffb0_0, 0, 8;
    %end;
    .thread T_7;
    .scope S_0x5c2802b9f440;
T_8 ;
    %wait E_0x5c2802b20660;
    %load/vec4 v0x5c2802b9fc70_0;
    %inv;
    %flag_set/vec4 8;
    %jmp/0xz  T_8.0, 8;
    %pushi/vec4 0, 0, 1;
    %assign/vec4 v0x5c2802ba0290_0, 0;
    %pushi/vec4 0, 0, 8;
    %assign/vec4 v0x5c2802b9ffb0_0, 0;
    %pushi/vec4 0, 0, 1;
    %assign/vec4 v0x5c2802ba0110_0, 0;
    %pushi/vec4 0, 0, 4;
    %assign/vec4 v0x5c2802ba0430_0, 0;
    %pushi/vec4 0, 0, 3;
    %assign/vec4 v0x5c2802ba04d0_0, 0;
    %pushi/vec4 0, 0, 8;
    %assign/vec4 v0x5c2802ba0050_0, 0;
    %pushi/vec4 0, 0, 4;
    %assign/vec4 v0x5c2802b9fd60_0, 0;
    %pushi/vec4 0, 0, 1;
    %assign/vec4 v0x5c2802ba01d0_0, 0;
    %jmp T_8.1;
T_8.0 ;
    %load/vec4 v0x5c2802ba0360_0;
    %flag_set/vec4 8;
    %jmp/0xz  T_8.2, 8;
    %pushi/vec4 0, 0, 1;
    %assign/vec4 v0x5c2802ba0290_0, 0;
T_8.2 ;
    %load/vec4 v0x5c2802ba04d0_0;
    %dup/vec4;
    %pushi/vec4 0, 0, 3;
    %cmp/u;
    %jmp/1 T_8.4, 6;
    %dup/vec4;
    %pushi/vec4 1, 0, 3;
    %cmp/u;
    %jmp/1 T_8.5, 6;
    %dup/vec4;
    %pushi/vec4 2, 0, 3;
    %cmp/u;
    %jmp/1 T_8.6, 6;
    %dup/vec4;
    %pushi/vec4 3, 0, 3;
    %cmp/u;
    %jmp/1 T_8.7, 6;
    %dup/vec4;
    %pushi/vec4 4, 0, 3;
    %cmp/u;
    %jmp/1 T_8.8, 6;
    %jmp T_8.9;
T_8.4 ;
    %load/vec4 v0x5c2802b9fbb0_0;
    %cmpi/e 1, 0, 1;
    %jmp/0xz  T_8.10, 4;
    %pushi/vec4 1, 0, 3;
    %assign/vec4 v0x5c2802ba04d0_0, 0;
    %pushi/vec4 0, 0, 1;
    %assign/vec4 v0x5c2802ba0110_0, 0;
    %pushi/vec4 0, 0, 4;
    %assign/vec4 v0x5c2802ba0430_0, 0;
T_8.10 ;
    %jmp T_8.9;
T_8.5 ;
    %load/vec4 v0x5c2802b9ff10_0;
    %flag_set/vec4 8;
    %jmp/0xz  T_8.12, 8;
    %load/vec4 v0x5c2802b9faf0_0;
    %nor/r;
    %flag_set/vec4 8;
    %jmp/1 T_8.16, 8;
    %load/vec4 v0x5c2802ba0430_0;
    %pad/u 32;
    %cmpi/ne 0, 0, 32;
    %flag_or 8, 4;
T_8.16;
    %jmp/0xz  T_8.14, 8;
    %load/vec4 v0x5c2802ba0430_0;
    %addi 1, 0, 4;
    %assign/vec4 v0x5c2802ba0430_0, 0;
T_8.14 ;
    %load/vec4 v0x5c2802ba0430_0;
    %cmpi/e 15, 0, 4;
    %jmp/0xz  T_8.17, 4;
    %pushi/vec4 2, 0, 3;
    %assign/vec4 v0x5c2802ba04d0_0, 0;
    %pushi/vec4 0, 0, 4;
    %assign/vec4 v0x5c2802b9fd60_0, 0;
    %pushi/vec4 0, 0, 8;
    %assign/vec4 v0x5c2802ba0050_0, 0;
    %pushi/vec4 0, 0, 4;
    %assign/vec4 v0x5c2802ba0430_0, 0;
T_8.17 ;
T_8.12 ;
    %jmp T_8.9;
T_8.6 ;
    %load/vec4 v0x5c2802b9ff10_0;
    %flag_set/vec4 8;
    %jmp/0xz  T_8.19, 8;
    %load/vec4 v0x5c2802ba0430_0;
    %addi 1, 0, 4;
    %assign/vec4 v0x5c2802ba0430_0, 0;
    %load/vec4 v0x5c2802ba0430_0;
    %cmpi/e 7, 0, 4;
    %jmp/0xz  T_8.21, 4;
    %load/vec4 v0x5c2802b9faf0_0;
    %ix/load 5, 0, 0;
    %ix/getv 4, v0x5c2802b9fd60_0;
    %assign/vec4/off/d v0x5c2802ba0050_0, 4, 5;
T_8.21 ;
    %load/vec4 v0x5c2802ba0430_0;
    %cmpi/e 15, 0, 4;
    %jmp/0xz  T_8.23, 4;
    %load/vec4 v0x5c2802b9fd60_0;
    %cmpi/e 7, 0, 4;
    %jmp/0xz  T_8.25, 4;
    %pushi/vec4 3, 0, 3;
    %assign/vec4 v0x5c2802ba04d0_0, 0;
    %load/vec4 v0x5c2802ba0050_0;
    %xor/r;
    %assign/vec4 v0x5c2802ba01d0_0, 0;
    %jmp T_8.26;
T_8.25 ;
    %load/vec4 v0x5c2802b9fd60_0;
    %addi 1, 0, 4;
    %assign/vec4 v0x5c2802b9fd60_0, 0;
T_8.26 ;
T_8.23 ;
T_8.19 ;
    %jmp T_8.9;
T_8.7 ;
    %load/vec4 v0x5c2802b9ff10_0;
    %flag_set/vec4 8;
    %jmp/0xz  T_8.27, 8;
    %load/vec4 v0x5c2802ba0430_0;
    %addi 1, 0, 4;
    %assign/vec4 v0x5c2802ba0430_0, 0;
    %load/vec4 v0x5c2802ba0430_0;
    %cmpi/e 7, 0, 4;
    %jmp/0xz  T_8.29, 4;
    %load/vec4 v0x5c2802b9faf0_0;
    %load/vec4 v0x5c2802ba01d0_0;
    %cmp/ne;
    %jmp/0xz  T_8.31, 4;
    %pushi/vec4 1, 0, 1;
    %assign/vec4 v0x5c2802ba0110_0, 0;
T_8.31 ;
T_8.29 ;
    %load/vec4 v0x5c2802ba0430_0;
    %cmpi/e 15, 0, 4;
    %jmp/0xz  T_8.33, 4;
    %load/vec4 v0x5c2802ba0110_0;
    %flag_set/vec4 8;
    %jmp/0xz  T_8.35, 8;
    %pushi/vec4 0, 0, 3;
    %assign/vec4 v0x5c2802ba04d0_0, 0;
    %jmp T_8.36;
T_8.35 ;
    %pushi/vec4 4, 0, 3;
    %assign/vec4 v0x5c2802ba04d0_0, 0;
T_8.36 ;
T_8.33 ;
T_8.27 ;
    %jmp T_8.9;
T_8.8 ;
    %load/vec4 v0x5c2802b9ff10_0;
    %flag_set/vec4 8;
    %jmp/0xz  T_8.37, 8;
    %load/vec4 v0x5c2802ba0430_0;
    %addi 1, 0, 4;
    %assign/vec4 v0x5c2802ba0430_0, 0;
    %load/vec4 v0x5c2802ba0430_0;
    %cmpi/e 7, 0, 4;
    %jmp/0xz  T_8.39, 4;
    %load/vec4 v0x5c2802b9faf0_0;
    %flag_set/vec4 8;
    %jmp/0xz  T_8.41, 8;
    %load/vec4 v0x5c2802ba0050_0;
    %assign/vec4 v0x5c2802b9ffb0_0, 0;
    %pushi/vec4 1, 0, 1;
    %assign/vec4 v0x5c2802ba0290_0, 0;
    %jmp T_8.42;
T_8.41 ;
    %pushi/vec4 0, 0, 8;
    %assign/vec4 v0x5c2802b9ffb0_0, 0;
    %pushi/vec4 1, 0, 1;
    %assign/vec4 v0x5c2802ba0110_0, 0;
T_8.42 ;
T_8.39 ;
    %load/vec4 v0x5c2802ba0430_0;
    %cmpi/e 15, 0, 4;
    %jmp/0xz  T_8.43, 4;
    %pushi/vec4 0, 0, 3;
    %assign/vec4 v0x5c2802ba04d0_0, 0;
T_8.43 ;
T_8.37 ;
    %jmp T_8.9;
T_8.9 ;
    %pop/vec4 1;
T_8.1 ;
    %jmp T_8;
    .thread T_8;
    .scope S_0x5c2802ba06d0;
T_9 ;
    %pushi/vec4 0, 0, 3;
    %store/vec4 v0x5c2802ba1110_0, 0, 3;
    %pushi/vec4 0, 0, 3;
    %store/vec4 v0x5c2802ba1740_0, 0, 3;
    %pushi/vec4 0, 0, 8;
    %store/vec4 v0x5c2802ba14d0_0, 0, 8;
    %pushi/vec4 0, 0, 1;
    %store/vec4 v0x5c2802ba16a0_0, 0, 1;
    %pushi/vec4 0, 0, 2;
    %store/vec4 v0x5c2802ba1380_0, 0, 2;
    %end;
    .thread T_9;
    .scope S_0x5c2802ba06d0;
T_10 ;
    %pushi/vec4 1, 0, 1;
    %store/vec4 v0x5c2802ba0d00_0, 0, 1;
    %end;
    .thread T_10;
    .scope S_0x5c2802ba06d0;
T_11 ;
    %wait E_0x5c2802b20660;
    %load/vec4 v0x5c2802ba1020_0;
    %inv;
    %flag_set/vec4 8;
    %jmp/0xz  T_11.0, 8;
    %pushi/vec4 1, 0, 1;
    %assign/vec4 v0x5c2802ba0d00_0, 0;
    %pushi/vec4 0, 0, 3;
    %assign/vec4 v0x5c2802ba1110_0, 0;
    %pushi/vec4 0, 0, 3;
    %assign/vec4 v0x5c2802ba1740_0, 0;
    %pushi/vec4 0, 0, 8;
    %assign/vec4 v0x5c2802ba14d0_0, 0;
    %pushi/vec4 0, 0, 2;
    %assign/vec4 v0x5c2802ba1380_0, 0;
    %jmp T_11.1;
T_11.0 ;
    %load/vec4 v0x5c2802ba1740_0;
    %dup/vec4;
    %pushi/vec4 0, 0, 3;
    %cmp/u;
    %jmp/1 T_11.2, 6;
    %dup/vec4;
    %pushi/vec4 1, 0, 3;
    %cmp/u;
    %jmp/1 T_11.3, 6;
    %dup/vec4;
    %pushi/vec4 2, 0, 3;
    %cmp/u;
    %jmp/1 T_11.4, 6;
    %dup/vec4;
    %pushi/vec4 3, 0, 3;
    %cmp/u;
    %jmp/1 T_11.5, 6;
    %dup/vec4;
    %pushi/vec4 4, 0, 3;
    %cmp/u;
    %jmp/1 T_11.6, 6;
    %pushi/vec4 0, 0, 3;
    %assign/vec4 v0x5c2802ba1740_0, 0;
    %jmp T_11.8;
T_11.2 ;
    %pushi/vec4 1, 0, 1;
    %assign/vec4 v0x5c2802ba0d00_0, 0;
    %load/vec4 v0x5c2802ba0e80_0;
    %flag_set/vec4 8;
    %jmp/0xz  T_11.9, 8;
    %pushi/vec4 1, 0, 3;
    %assign/vec4 v0x5c2802ba1740_0, 0;
    %load/vec4 v0x5c2802ba15b0_0;
    %assign/vec4 v0x5c2802ba14d0_0, 0;
T_11.9 ;
    %jmp T_11.8;
T_11.3 ;
    %load/vec4 v0x5c2802ba12e0_0;
    %flag_set/vec4 8;
    %jmp/0xz  T_11.11, 8;
    %pushi/vec4 0, 0, 1;
    %assign/vec4 v0x5c2802ba0d00_0, 0;
    %pushi/vec4 2, 0, 3;
    %assign/vec4 v0x5c2802ba1740_0, 0;
    %pushi/vec4 0, 0, 3;
    %assign/vec4 v0x5c2802ba1110_0, 0;
T_11.11 ;
    %jmp T_11.8;
T_11.4 ;
    %load/vec4 v0x5c2802ba12e0_0;
    %flag_set/vec4 8;
    %jmp/0xz  T_11.13, 8;
    %load/vec4 v0x5c2802ba14d0_0;
    %load/vec4 v0x5c2802ba1110_0;
    %part/u 1;
    %assign/vec4 v0x5c2802ba0d00_0, 0;
    %load/vec4 v0x5c2802ba1110_0;
    %addi 1, 0, 3;
    %assign/vec4 v0x5c2802ba1110_0, 0;
    %load/vec4 v0x5c2802ba1110_0;
    %cmpi/e 7, 0, 3;
    %jmp/0xz  T_11.15, 4;
    %pushi/vec4 3, 0, 3;
    %assign/vec4 v0x5c2802ba1740_0, 0;
    %load/vec4 v0x5c2802ba14d0_0;
    %xor/r;
    %assign/vec4 v0x5c2802ba16a0_0, 0;
T_11.15 ;
T_11.13 ;
    %jmp T_11.8;
T_11.5 ;
    %load/vec4 v0x5c2802ba12e0_0;
    %flag_set/vec4 8;
    %jmp/0xz  T_11.17, 8;
    %load/vec4 v0x5c2802ba16a0_0;
    %assign/vec4 v0x5c2802ba0d00_0, 0;
    %pushi/vec4 4, 0, 3;
    %assign/vec4 v0x5c2802ba1740_0, 0;
T_11.17 ;
    %jmp T_11.8;
T_11.6 ;
    %load/vec4 v0x5c2802ba12e0_0;
    %flag_set/vec4 8;
    %jmp/0xz  T_11.19, 8;
    %pushi/vec4 1, 0, 1;
    %assign/vec4 v0x5c2802ba0d00_0, 0;
    %pushi/vec4 0, 0, 3;
    %assign/vec4 v0x5c2802ba1740_0, 0;
T_11.19 ;
    %jmp T_11.8;
T_11.8 ;
    %pop/vec4 1;
T_11.1 ;
    %jmp T_11;
    .thread T_11;
    .scope S_0x5c2802b9eba0;
T_12 ;
    %wait E_0x5c2802b20110;
    %load/vec4 v0x5c2802b9f330_0;
    %flag_set/vec4 8;
    %jmp/0xz  T_12.0, 8;
    %load/vec4 v0x5c2802b9f240_0;
    %load/vec4 v0x5c2802b9eff0_0;
    %pad/u 12;
    %ix/vec4 3;
    %ix/load 4, 0, 0; Constant delay
    %assign/vec4/a/d v0x5c2802b9ef10, 0, 4;
    %jmp T_12.1;
T_12.0 ;
    %load/vec4 v0x5c2802b9eff0_0;
    %pad/u 12;
    %ix/vec4 4;
    %load/vec4a v0x5c2802b9ef10, 4;
    %assign/vec4 v0x5c2802b9f1a0_0, 0;
T_12.1 ;
    %jmp T_12;
    .thread T_12;
    .scope S_0x5c2802b196f0;
T_13 ;
    %pushi/vec4 0, 0, 1;
    %store/vec4 v0x5c2802ba2a80_0, 0, 1;
T_13.0 ;
    %delay 18519, 0;
    %load/vec4 v0x5c2802ba2a80_0;
    %inv;
    %store/vec4 v0x5c2802ba2a80_0, 0, 1;
    %jmp T_13.0;
    %end;
    .thread T_13;
    .scope S_0x5c2802b196f0;
T_14 ;
    %vpi_call 2 59 "$dumpfile", "uart_bram_sim.vcd" {0 0 0};
    %vpi_call 2 60 "$dumpvars", 32'sb00000000000000000000000000000000, S_0x5c2802b196f0 {0 0 0};
    %pushi/vec4 0, 0, 1;
    %store/vec4 v0x5c2802ba29c0_0, 0, 1;
    %pushi/vec4 1, 0, 1;
    %store/vec4 v0x5c2802ba2c30_0, 0, 1;
    %pushi/vec4 100, 0, 32;
T_14.0 %dup/vec4;
    %pushi/vec4 0, 0, 32;
    %cmp/s;
    %jmp/1xz T_14.1, 5;
    %jmp/1 T_14.1, 4;
    %pushi/vec4 1, 0, 32;
    %sub;
    %wait E_0x5c2802b20110;
    %jmp T_14.0;
T_14.1 ;
    %pop/vec4 1;
    %pushi/vec4 1, 0, 1;
    %store/vec4 v0x5c2802ba29c0_0, 0, 1;
    %pushi/vec4 100, 0, 32;
T_14.2 %dup/vec4;
    %pushi/vec4 0, 0, 32;
    %cmp/s;
    %jmp/1xz T_14.3, 5;
    %jmp/1 T_14.3, 4;
    %pushi/vec4 1, 0, 32;
    %sub;
    %wait E_0x5c2802b20110;
    %jmp T_14.2;
T_14.3 ;
    %pop/vec4 1;
    %vpi_call 2 69 "$display", "[%0t] --- SIMULATION START ---", $time {0 0 0};
    %vpi_call 2 74 "$display", "[%0t] --- PHASE 1: MASS WRITE ---", $time {0 0 0};
    %vpi_call 2 76 "$display", "[%0t] PC: WRITE cmd, addr = 10 (0x0A), data = 0x99", $time {0 0 0};
    %pushi/vec4 87, 0, 8;
    %store/vec4 v0x5c2802b78b70_0, 0, 8;
    %fork TD_uart_bram_top_tb.send_uart_byte, S_0x5c2802b21fa0;
    %join;
    %pushi/vec4 10, 0, 8;
    %store/vec4 v0x5c2802b78b70_0, 0, 8;
    %fork TD_uart_bram_top_tb.send_uart_byte, S_0x5c2802b21fa0;
    %join;
    %pushi/vec4 0, 0, 8;
    %store/vec4 v0x5c2802b78b70_0, 0, 8;
    %fork TD_uart_bram_top_tb.send_uart_byte, S_0x5c2802b21fa0;
    %join;
    %pushi/vec4 153, 0, 8;
    %store/vec4 v0x5c2802b78b70_0, 0, 8;
    %fork TD_uart_bram_top_tb.send_uart_byte, S_0x5c2802b21fa0;
    %join;
    %delay 520833333, 0;
    %vpi_call 2 83 "$display", "[%0t] PC: WRITE cmd, addr = 20 (0x14), data = 0xAA", $time {0 0 0};
    %pushi/vec4 87, 0, 8;
    %store/vec4 v0x5c2802b78b70_0, 0, 8;
    %fork TD_uart_bram_top_tb.send_uart_byte, S_0x5c2802b21fa0;
    %join;
    %pushi/vec4 20, 0, 8;
    %store/vec4 v0x5c2802b78b70_0, 0, 8;
    %fork TD_uart_bram_top_tb.send_uart_byte, S_0x5c2802b21fa0;
    %join;
    %pushi/vec4 0, 0, 8;
    %store/vec4 v0x5c2802b78b70_0, 0, 8;
    %fork TD_uart_bram_top_tb.send_uart_byte, S_0x5c2802b21fa0;
    %join;
    %pushi/vec4 170, 0, 8;
    %store/vec4 v0x5c2802b78b70_0, 0, 8;
    %fork TD_uart_bram_top_tb.send_uart_byte, S_0x5c2802b21fa0;
    %join;
    %delay 520833333, 0;
    %vpi_call 2 90 "$display", "[%0t] PC: WRITE cmd, addr = 128 (0x80), data = 0x55", $time {0 0 0};
    %pushi/vec4 87, 0, 8;
    %store/vec4 v0x5c2802b78b70_0, 0, 8;
    %fork TD_uart_bram_top_tb.send_uart_byte, S_0x5c2802b21fa0;
    %join;
    %pushi/vec4 128, 0, 8;
    %store/vec4 v0x5c2802b78b70_0, 0, 8;
    %fork TD_uart_bram_top_tb.send_uart_byte, S_0x5c2802b21fa0;
    %join;
    %pushi/vec4 0, 0, 8;
    %store/vec4 v0x5c2802b78b70_0, 0, 8;
    %fork TD_uart_bram_top_tb.send_uart_byte, S_0x5c2802b21fa0;
    %join;
    %pushi/vec4 85, 0, 8;
    %store/vec4 v0x5c2802b78b70_0, 0, 8;
    %fork TD_uart_bram_top_tb.send_uart_byte, S_0x5c2802b21fa0;
    %join;
    %delay 520833333, 0;
    %vpi_call 2 97 "$display", "[%0t] PC: WRITE cmd, addr = 512 (0x200), data = 0x66", $time {0 0 0};
    %pushi/vec4 87, 0, 8;
    %store/vec4 v0x5c2802b78b70_0, 0, 8;
    %fork TD_uart_bram_top_tb.send_uart_byte, S_0x5c2802b21fa0;
    %join;
    %pushi/vec4 0, 0, 8;
    %store/vec4 v0x5c2802b78b70_0, 0, 8;
    %fork TD_uart_bram_top_tb.send_uart_byte, S_0x5c2802b21fa0;
    %join;
    %pushi/vec4 2, 0, 8;
    %store/vec4 v0x5c2802b78b70_0, 0, 8;
    %fork TD_uart_bram_top_tb.send_uart_byte, S_0x5c2802b21fa0;
    %join;
    %pushi/vec4 102, 0, 8;
    %store/vec4 v0x5c2802b78b70_0, 0, 8;
    %fork TD_uart_bram_top_tb.send_uart_byte, S_0x5c2802b21fa0;
    %join;
    %delay 520833333, 0;
    %vpi_call 2 104 "$display", "[%0t] PC: WRITE cmd, addr = 1023 (0x3FF), data = 0x77", $time {0 0 0};
    %pushi/vec4 87, 0, 8;
    %store/vec4 v0x5c2802b78b70_0, 0, 8;
    %fork TD_uart_bram_top_tb.send_uart_byte, S_0x5c2802b21fa0;
    %join;
    %pushi/vec4 255, 0, 8;
    %store/vec4 v0x5c2802b78b70_0, 0, 8;
    %fork TD_uart_bram_top_tb.send_uart_byte, S_0x5c2802b21fa0;
    %join;
    %pushi/vec4 3, 0, 8;
    %store/vec4 v0x5c2802b78b70_0, 0, 8;
    %fork TD_uart_bram_top_tb.send_uart_byte, S_0x5c2802b21fa0;
    %join;
    %pushi/vec4 119, 0, 8;
    %store/vec4 v0x5c2802b78b70_0, 0, 8;
    %fork TD_uart_bram_top_tb.send_uart_byte, S_0x5c2802b21fa0;
    %join;
    %delay 520833333, 0;
    %vpi_call 2 114 "$display", "[%0t] --- PHASE 2: MASS READ & VERIFY ---", $time {0 0 0};
    %vpi_call 2 116 "$display", "[%0t] PC: READ cmd, addr = 10 (0x0A)", $time {0 0 0};
    %pushi/vec4 82, 0, 8;
    %store/vec4 v0x5c2802b78b70_0, 0, 8;
    %fork TD_uart_bram_top_tb.send_uart_byte, S_0x5c2802b21fa0;
    %join;
    %pushi/vec4 10, 0, 8;
    %store/vec4 v0x5c2802b78b70_0, 0, 8;
    %fork TD_uart_bram_top_tb.send_uart_byte, S_0x5c2802b21fa0;
    %join;
    %pushi/vec4 0, 0, 8;
    %store/vec4 v0x5c2802b78b70_0, 0, 8;
    %fork TD_uart_bram_top_tb.send_uart_byte, S_0x5c2802b21fa0;
    %join;
    %pushi/vec4 0, 0, 8;
    %store/vec4 v0x5c2802b78b70_0, 0, 8;
    %fork TD_uart_bram_top_tb.send_uart_byte, S_0x5c2802b21fa0;
    %join;
    %delay 2083333333, 0;
    %vpi_call 2 123 "$display", "[%0t] PC: READ cmd, addr = 20 (0x14)", $time {0 0 0};
    %pushi/vec4 82, 0, 8;
    %store/vec4 v0x5c2802b78b70_0, 0, 8;
    %fork TD_uart_bram_top_tb.send_uart_byte, S_0x5c2802b21fa0;
    %join;
    %pushi/vec4 20, 0, 8;
    %store/vec4 v0x5c2802b78b70_0, 0, 8;
    %fork TD_uart_bram_top_tb.send_uart_byte, S_0x5c2802b21fa0;
    %join;
    %pushi/vec4 0, 0, 8;
    %store/vec4 v0x5c2802b78b70_0, 0, 8;
    %fork TD_uart_bram_top_tb.send_uart_byte, S_0x5c2802b21fa0;
    %join;
    %pushi/vec4 0, 0, 8;
    %store/vec4 v0x5c2802b78b70_0, 0, 8;
    %fork TD_uart_bram_top_tb.send_uart_byte, S_0x5c2802b21fa0;
    %join;
    %delay 2083333333, 0;
    %vpi_call 2 130 "$display", "[%0t] PC: READ cmd, addr = 128 (0x80)", $time {0 0 0};
    %pushi/vec4 82, 0, 8;
    %store/vec4 v0x5c2802b78b70_0, 0, 8;
    %fork TD_uart_bram_top_tb.send_uart_byte, S_0x5c2802b21fa0;
    %join;
    %pushi/vec4 128, 0, 8;
    %store/vec4 v0x5c2802b78b70_0, 0, 8;
    %fork TD_uart_bram_top_tb.send_uart_byte, S_0x5c2802b21fa0;
    %join;
    %pushi/vec4 0, 0, 8;
    %store/vec4 v0x5c2802b78b70_0, 0, 8;
    %fork TD_uart_bram_top_tb.send_uart_byte, S_0x5c2802b21fa0;
    %join;
    %pushi/vec4 0, 0, 8;
    %store/vec4 v0x5c2802b78b70_0, 0, 8;
    %fork TD_uart_bram_top_tb.send_uart_byte, S_0x5c2802b21fa0;
    %join;
    %delay 2083333333, 0;
    %vpi_call 2 137 "$display", "[%0t] PC: READ cmd, addr = 512 (0x200)", $time {0 0 0};
    %pushi/vec4 82, 0, 8;
    %store/vec4 v0x5c2802b78b70_0, 0, 8;
    %fork TD_uart_bram_top_tb.send_uart_byte, S_0x5c2802b21fa0;
    %join;
    %pushi/vec4 0, 0, 8;
    %store/vec4 v0x5c2802b78b70_0, 0, 8;
    %fork TD_uart_bram_top_tb.send_uart_byte, S_0x5c2802b21fa0;
    %join;
    %pushi/vec4 2, 0, 8;
    %store/vec4 v0x5c2802b78b70_0, 0, 8;
    %fork TD_uart_bram_top_tb.send_uart_byte, S_0x5c2802b21fa0;
    %join;
    %pushi/vec4 0, 0, 8;
    %store/vec4 v0x5c2802b78b70_0, 0, 8;
    %fork TD_uart_bram_top_tb.send_uart_byte, S_0x5c2802b21fa0;
    %join;
    %delay 2083333333, 0;
    %vpi_call 2 144 "$display", "[%0t] PC: READ cmd, addr = 1023 (0x3FF)", $time {0 0 0};
    %pushi/vec4 82, 0, 8;
    %store/vec4 v0x5c2802b78b70_0, 0, 8;
    %fork TD_uart_bram_top_tb.send_uart_byte, S_0x5c2802b21fa0;
    %join;
    %pushi/vec4 255, 0, 8;
    %store/vec4 v0x5c2802b78b70_0, 0, 8;
    %fork TD_uart_bram_top_tb.send_uart_byte, S_0x5c2802b21fa0;
    %join;
    %pushi/vec4 3, 0, 8;
    %store/vec4 v0x5c2802b78b70_0, 0, 8;
    %fork TD_uart_bram_top_tb.send_uart_byte, S_0x5c2802b21fa0;
    %join;
    %pushi/vec4 0, 0, 8;
    %store/vec4 v0x5c2802b78b70_0, 0, 8;
    %fork TD_uart_bram_top_tb.send_uart_byte, S_0x5c2802b21fa0;
    %join;
    %delay 2083333333, 0;
    %vpi_call 2 154 "$display", "[%0t] --- PHASE 3: READ UNWRITTEN ADDRESS ---", $time {0 0 0};
    %vpi_call 2 156 "$display", "[%0t] PC: READ cmd, addr = 50 (0x32)", $time {0 0 0};
    %pushi/vec4 82, 0, 8;
    %store/vec4 v0x5c2802b78b70_0, 0, 8;
    %fork TD_uart_bram_top_tb.send_uart_byte, S_0x5c2802b21fa0;
    %join;
    %pushi/vec4 50, 0, 8;
    %store/vec4 v0x5c2802b78b70_0, 0, 8;
    %fork TD_uart_bram_top_tb.send_uart_byte, S_0x5c2802b21fa0;
    %join;
    %pushi/vec4 0, 0, 8;
    %store/vec4 v0x5c2802b78b70_0, 0, 8;
    %fork TD_uart_bram_top_tb.send_uart_byte, S_0x5c2802b21fa0;
    %join;
    %pushi/vec4 0, 0, 8;
    %store/vec4 v0x5c2802b78b70_0, 0, 8;
    %fork TD_uart_bram_top_tb.send_uart_byte, S_0x5c2802b21fa0;
    %join;
    %delay 2083333333, 0;
    %vpi_call 2 163 "$display", "[%0t] --- END OF SIMULATION ---", $time {0 0 0};
    %vpi_call 2 164 "$finish" {0 0 0};
    %end;
    .thread T_14;
    .scope S_0x5c2802ba5460;
T_15 ;
    %pushi/vec4 0, 0, 8;
    %store/vec4 v0x5c2802ba6070_0, 0, 8;
    %pushi/vec4 0, 0, 4;
    %store/vec4 v0x5c2802ba6150_0, 0, 4;
    %end;
    .thread T_15;
    .scope S_0x5c2802ba5460;
T_16 ;
    %wait E_0x5c2802b1f360;
    %load/vec4 v0x5c2802ba5ee0_0;
    %inv;
    %flag_set/vec4 8;
    %jmp/0xz  T_16.0, 8;
    %pushi/vec4 0, 0, 8;
    %assign/vec4 v0x5c2802ba6070_0, 0;
    %jmp T_16.1;
T_16.0 ;
    %load/vec4 v0x5c2802ba6070_0;
    %pad/u 32;
    %cmpi/e 175, 0, 32;
    %jmp/0xz  T_16.2, 4;
    %pushi/vec4 0, 0, 8;
    %assign/vec4 v0x5c2802ba6070_0, 0;
    %jmp T_16.3;
T_16.2 ;
    %load/vec4 v0x5c2802ba6070_0;
    %addi 1, 0, 8;
    %assign/vec4 v0x5c2802ba6070_0, 0;
T_16.3 ;
T_16.1 ;
    %jmp T_16;
    .thread T_16;
    .scope S_0x5c2802ba5460;
T_17 ;
    %wait E_0x5c2802b1f360;
    %load/vec4 v0x5c2802ba5ee0_0;
    %inv;
    %flag_set/vec4 8;
    %jmp/0xz  T_17.0, 8;
    %pushi/vec4 0, 0, 4;
    %assign/vec4 v0x5c2802ba6150_0, 0;
    %jmp T_17.1;
T_17.0 ;
    %load/vec4 v0x5c2802ba57b0_0;
    %flag_set/vec4 8;
    %jmp/0xz  T_17.2, 8;
    %load/vec4 v0x5c2802ba6150_0;
    %addi 1, 0, 4;
    %assign/vec4 v0x5c2802ba6150_0, 0;
T_17.2 ;
T_17.1 ;
    %jmp T_17;
    .thread T_17;
    .scope S_0x5c2802ba42e0;
T_18 ;
    %pushi/vec4 0, 0, 3;
    %store/vec4 v0x5c2802ba4cb0_0, 0, 3;
    %pushi/vec4 0, 0, 3;
    %store/vec4 v0x5c2802ba52a0_0, 0, 3;
    %pushi/vec4 0, 0, 8;
    %store/vec4 v0x5c2802ba5020_0, 0, 8;
    %pushi/vec4 0, 0, 1;
    %store/vec4 v0x5c2802ba51e0_0, 0, 1;
    %pushi/vec4 0, 0, 2;
    %store/vec4 v0x5c2802ba4eb0_0, 0, 2;
    %end;
    .thread T_18;
    .scope S_0x5c2802ba42e0;
T_19 ;
    %pushi/vec4 1, 0, 1;
    %store/vec4 v0x5c2802ba48c0_0, 0, 1;
    %end;
    .thread T_19;
    .scope S_0x5c2802ba42e0;
T_20 ;
    %wait E_0x5c2802b1f360;
    %load/vec4 v0x5c2802ba4bc0_0;
    %inv;
    %flag_set/vec4 8;
    %jmp/0xz  T_20.0, 8;
    %pushi/vec4 1, 0, 1;
    %assign/vec4 v0x5c2802ba48c0_0, 0;
    %pushi/vec4 0, 0, 3;
    %assign/vec4 v0x5c2802ba4cb0_0, 0;
    %pushi/vec4 0, 0, 3;
    %assign/vec4 v0x5c2802ba52a0_0, 0;
    %pushi/vec4 0, 0, 8;
    %assign/vec4 v0x5c2802ba5020_0, 0;
    %pushi/vec4 0, 0, 2;
    %assign/vec4 v0x5c2802ba4eb0_0, 0;
    %jmp T_20.1;
T_20.0 ;
    %load/vec4 v0x5c2802ba52a0_0;
    %dup/vec4;
    %pushi/vec4 0, 0, 3;
    %cmp/u;
    %jmp/1 T_20.2, 6;
    %dup/vec4;
    %pushi/vec4 1, 0, 3;
    %cmp/u;
    %jmp/1 T_20.3, 6;
    %dup/vec4;
    %pushi/vec4 2, 0, 3;
    %cmp/u;
    %jmp/1 T_20.4, 6;
    %dup/vec4;
    %pushi/vec4 3, 0, 3;
    %cmp/u;
    %jmp/1 T_20.5, 6;
    %dup/vec4;
    %pushi/vec4 4, 0, 3;
    %cmp/u;
    %jmp/1 T_20.6, 6;
    %pushi/vec4 0, 0, 3;
    %assign/vec4 v0x5c2802ba52a0_0, 0;
    %jmp T_20.8;
T_20.2 ;
    %pushi/vec4 1, 0, 1;
    %assign/vec4 v0x5c2802ba48c0_0, 0;
    %load/vec4 v0x5c2802ba4a40_0;
    %flag_set/vec4 8;
    %jmp/0xz  T_20.9, 8;
    %pushi/vec4 1, 0, 3;
    %assign/vec4 v0x5c2802ba52a0_0, 0;
    %load/vec4 v0x5c2802ba5100_0;
    %assign/vec4 v0x5c2802ba5020_0, 0;
T_20.9 ;
    %jmp T_20.8;
T_20.3 ;
    %load/vec4 v0x5c2802ba4e10_0;
    %flag_set/vec4 8;
    %jmp/0xz  T_20.11, 8;
    %pushi/vec4 0, 0, 1;
    %assign/vec4 v0x5c2802ba48c0_0, 0;
    %pushi/vec4 2, 0, 3;
    %assign/vec4 v0x5c2802ba52a0_0, 0;
    %pushi/vec4 0, 0, 3;
    %assign/vec4 v0x5c2802ba4cb0_0, 0;
T_20.11 ;
    %jmp T_20.8;
T_20.4 ;
    %load/vec4 v0x5c2802ba4e10_0;
    %flag_set/vec4 8;
    %jmp/0xz  T_20.13, 8;
    %load/vec4 v0x5c2802ba5020_0;
    %load/vec4 v0x5c2802ba4cb0_0;
    %part/u 1;
    %assign/vec4 v0x5c2802ba48c0_0, 0;
    %load/vec4 v0x5c2802ba4cb0_0;
    %addi 1, 0, 3;
    %assign/vec4 v0x5c2802ba4cb0_0, 0;
    %load/vec4 v0x5c2802ba4cb0_0;
    %cmpi/e 7, 0, 3;
    %jmp/0xz  T_20.15, 4;
    %pushi/vec4 3, 0, 3;
    %assign/vec4 v0x5c2802ba52a0_0, 0;
    %load/vec4 v0x5c2802ba5020_0;
    %xor/r;
    %assign/vec4 v0x5c2802ba51e0_0, 0;
T_20.15 ;
T_20.13 ;
    %jmp T_20.8;
T_20.5 ;
    %load/vec4 v0x5c2802ba4e10_0;
    %flag_set/vec4 8;
    %jmp/0xz  T_20.17, 8;
    %load/vec4 v0x5c2802ba51e0_0;
    %assign/vec4 v0x5c2802ba48c0_0, 0;
    %pushi/vec4 4, 0, 3;
    %assign/vec4 v0x5c2802ba52a0_0, 0;
T_20.17 ;
    %jmp T_20.8;
T_20.6 ;
    %load/vec4 v0x5c2802ba4e10_0;
    %flag_set/vec4 8;
    %jmp/0xz  T_20.19, 8;
    %pushi/vec4 1, 0, 1;
    %assign/vec4 v0x5c2802ba48c0_0, 0;
    %pushi/vec4 0, 0, 3;
    %assign/vec4 v0x5c2802ba52a0_0, 0;
T_20.19 ;
    %jmp T_20.8;
T_20.8 ;
    %pop/vec4 1;
T_20.1 ;
    %jmp T_20;
    .thread T_20;
    .scope S_0x5c2802ba2fa0;
T_21 ;
    %pushi/vec4 0, 0, 3;
    %store/vec4 v0x5c2802ba40e0_0, 0, 3;
    %pushi/vec4 0, 0, 4;
    %store/vec4 v0x5c2802ba4000_0, 0, 4;
    %pushi/vec4 0, 0, 8;
    %store/vec4 v0x5c2802ba3c20_0, 0, 8;
    %pushi/vec4 0, 0, 4;
    %store/vec4 v0x5c2802ba3890_0, 0, 4;
    %pushi/vec4 0, 0, 1;
    %store/vec4 v0x5c2802ba3dc0_0, 0, 1;
    %end;
    .thread T_21;
    .scope S_0x5c2802ba2fa0;
T_22 ;
    %pushi/vec4 0, 0, 1;
    %store/vec4 v0x5c2802ba3e80_0, 0, 1;
    %pushi/vec4 0, 0, 8;
    %store/vec4 v0x5c2802ba3b40_0, 0, 8;
    %end;
    .thread T_22;
    .scope S_0x5c2802ba2fa0;
T_23 ;
    %wait E_0x5c2802b1f360;
    %load/vec4 v0x5c2802ba37f0_0;
    %inv;
    %flag_set/vec4 8;
    %jmp/0xz  T_23.0, 8;
    %pushi/vec4 0, 0, 1;
    %assign/vec4 v0x5c2802ba3e80_0, 0;
    %pushi/vec4 0, 0, 8;
    %assign/vec4 v0x5c2802ba3b40_0, 0;
    %pushi/vec4 0, 0, 1;
    %assign/vec4 v0x5c2802ba3d00_0, 0;
    %pushi/vec4 0, 0, 4;
    %assign/vec4 v0x5c2802ba4000_0, 0;
    %pushi/vec4 0, 0, 3;
    %assign/vec4 v0x5c2802ba40e0_0, 0;
    %pushi/vec4 0, 0, 8;
    %assign/vec4 v0x5c2802ba3c20_0, 0;
    %pushi/vec4 0, 0, 4;
    %assign/vec4 v0x5c2802ba3890_0, 0;
    %pushi/vec4 0, 0, 1;
    %assign/vec4 v0x5c2802ba3dc0_0, 0;
    %jmp T_23.1;
T_23.0 ;
    %load/vec4 v0x5c2802ba3f40_0;
    %flag_set/vec4 8;
    %jmp/0xz  T_23.2, 8;
    %pushi/vec4 0, 0, 1;
    %assign/vec4 v0x5c2802ba3e80_0, 0;
T_23.2 ;
    %load/vec4 v0x5c2802ba40e0_0;
    %dup/vec4;
    %pushi/vec4 0, 0, 3;
    %cmp/u;
    %jmp/1 T_23.4, 6;
    %dup/vec4;
    %pushi/vec4 1, 0, 3;
    %cmp/u;
    %jmp/1 T_23.5, 6;
    %dup/vec4;
    %pushi/vec4 2, 0, 3;
    %cmp/u;
    %jmp/1 T_23.6, 6;
    %dup/vec4;
    %pushi/vec4 3, 0, 3;
    %cmp/u;
    %jmp/1 T_23.7, 6;
    %dup/vec4;
    %pushi/vec4 4, 0, 3;
    %cmp/u;
    %jmp/1 T_23.8, 6;
    %jmp T_23.9;
T_23.4 ;
    %load/vec4 v0x5c2802ba3730_0;
    %cmpi/e 1, 0, 1;
    %jmp/0xz  T_23.10, 4;
    %pushi/vec4 1, 0, 3;
    %assign/vec4 v0x5c2802ba40e0_0, 0;
    %pushi/vec4 0, 0, 1;
    %assign/vec4 v0x5c2802ba3d00_0, 0;
    %pushi/vec4 0, 0, 4;
    %assign/vec4 v0x5c2802ba4000_0, 0;
T_23.10 ;
    %jmp T_23.9;
T_23.5 ;
    %load/vec4 v0x5c2802ba3a80_0;
    %flag_set/vec4 8;
    %jmp/0xz  T_23.12, 8;
    %load/vec4 v0x5c2802ba3650_0;
    %nor/r;
    %flag_set/vec4 8;
    %jmp/1 T_23.16, 8;
    %load/vec4 v0x5c2802ba4000_0;
    %pad/u 32;
    %cmpi/ne 0, 0, 32;
    %flag_or 8, 4;
T_23.16;
    %jmp/0xz  T_23.14, 8;
    %load/vec4 v0x5c2802ba4000_0;
    %addi 1, 0, 4;
    %assign/vec4 v0x5c2802ba4000_0, 0;
T_23.14 ;
    %load/vec4 v0x5c2802ba4000_0;
    %cmpi/e 15, 0, 4;
    %jmp/0xz  T_23.17, 4;
    %pushi/vec4 2, 0, 3;
    %assign/vec4 v0x5c2802ba40e0_0, 0;
    %pushi/vec4 0, 0, 4;
    %assign/vec4 v0x5c2802ba3890_0, 0;
    %pushi/vec4 0, 0, 8;
    %assign/vec4 v0x5c2802ba3c20_0, 0;
    %pushi/vec4 0, 0, 4;
    %assign/vec4 v0x5c2802ba4000_0, 0;
T_23.17 ;
T_23.12 ;
    %jmp T_23.9;
T_23.6 ;
    %load/vec4 v0x5c2802ba3a80_0;
    %flag_set/vec4 8;
    %jmp/0xz  T_23.19, 8;
    %load/vec4 v0x5c2802ba4000_0;
    %addi 1, 0, 4;
    %assign/vec4 v0x5c2802ba4000_0, 0;
    %load/vec4 v0x5c2802ba4000_0;
    %cmpi/e 7, 0, 4;
    %jmp/0xz  T_23.21, 4;
    %load/vec4 v0x5c2802ba3650_0;
    %ix/load 5, 0, 0;
    %ix/getv 4, v0x5c2802ba3890_0;
    %assign/vec4/off/d v0x5c2802ba3c20_0, 4, 5;
T_23.21 ;
    %load/vec4 v0x5c2802ba4000_0;
    %cmpi/e 15, 0, 4;
    %jmp/0xz  T_23.23, 4;
    %load/vec4 v0x5c2802ba3890_0;
    %cmpi/e 7, 0, 4;
    %jmp/0xz  T_23.25, 4;
    %pushi/vec4 3, 0, 3;
    %assign/vec4 v0x5c2802ba40e0_0, 0;
    %load/vec4 v0x5c2802ba3c20_0;
    %xor/r;
    %assign/vec4 v0x5c2802ba3dc0_0, 0;
    %jmp T_23.26;
T_23.25 ;
    %load/vec4 v0x5c2802ba3890_0;
    %addi 1, 0, 4;
    %assign/vec4 v0x5c2802ba3890_0, 0;
T_23.26 ;
T_23.23 ;
T_23.19 ;
    %jmp T_23.9;
T_23.7 ;
    %load/vec4 v0x5c2802ba3a80_0;
    %flag_set/vec4 8;
    %jmp/0xz  T_23.27, 8;
    %load/vec4 v0x5c2802ba4000_0;
    %addi 1, 0, 4;
    %assign/vec4 v0x5c2802ba4000_0, 0;
    %load/vec4 v0x5c2802ba4000_0;
    %cmpi/e 7, 0, 4;
    %jmp/0xz  T_23.29, 4;
    %load/vec4 v0x5c2802ba3650_0;
    %load/vec4 v0x5c2802ba3dc0_0;
    %cmp/ne;
    %jmp/0xz  T_23.31, 4;
    %pushi/vec4 1, 0, 1;
    %assign/vec4 v0x5c2802ba3d00_0, 0;
T_23.31 ;
T_23.29 ;
    %load/vec4 v0x5c2802ba4000_0;
    %cmpi/e 15, 0, 4;
    %jmp/0xz  T_23.33, 4;
    %load/vec4 v0x5c2802ba3d00_0;
    %flag_set/vec4 8;
    %jmp/0xz  T_23.35, 8;
    %pushi/vec4 0, 0, 3;
    %assign/vec4 v0x5c2802ba40e0_0, 0;
    %jmp T_23.36;
T_23.35 ;
    %pushi/vec4 4, 0, 3;
    %assign/vec4 v0x5c2802ba40e0_0, 0;
T_23.36 ;
T_23.33 ;
T_23.27 ;
    %jmp T_23.9;
T_23.8 ;
    %load/vec4 v0x5c2802ba3a80_0;
    %flag_set/vec4 8;
    %jmp/0xz  T_23.37, 8;
    %load/vec4 v0x5c2802ba4000_0;
    %addi 1, 0, 4;
    %assign/vec4 v0x5c2802ba4000_0, 0;
    %load/vec4 v0x5c2802ba4000_0;
    %cmpi/e 7, 0, 4;
    %jmp/0xz  T_23.39, 4;
    %load/vec4 v0x5c2802ba3650_0;
    %flag_set/vec4 8;
    %jmp/0xz  T_23.41, 8;
    %load/vec4 v0x5c2802ba3c20_0;
    %assign/vec4 v0x5c2802ba3b40_0, 0;
    %pushi/vec4 1, 0, 1;
    %assign/vec4 v0x5c2802ba3e80_0, 0;
    %jmp T_23.42;
T_23.41 ;
    %pushi/vec4 0, 0, 8;
    %assign/vec4 v0x5c2802ba3b40_0, 0;
    %pushi/vec4 1, 0, 1;
    %assign/vec4 v0x5c2802ba3d00_0, 0;
T_23.42 ;
T_23.39 ;
    %load/vec4 v0x5c2802ba4000_0;
    %cmpi/e 15, 0, 4;
    %jmp/0xz  T_23.43, 4;
    %pushi/vec4 0, 0, 3;
    %assign/vec4 v0x5c2802ba40e0_0, 0;
T_23.43 ;
T_23.37 ;
    %jmp T_23.9;
T_23.9 ;
    %pop/vec4 1;
T_23.1 ;
    %jmp T_23;
    .thread T_23;
# The file index is used to find the file name in the following table.
:file_names 10;
    "N/A";
    "<interactive>";
    "sim/uart_bram_top_tb.v";
    "src/uart_bram_top.v";
    "src/uart_bram_ctrl.v";
    "src/baud_rate_gen.v";
    "src/BRAM.v";
    "src/uart_rx.v";
    "src/uart_tx.v";
    "src/uart_top.v";
