Reading netlist file: "/home/minh-bui/Desktop/UART_BLOCKRAM/impl/gwsynthesis/UART_BLOCKRAM.vg"
Parsing netlist file "/home/minh-bui/Desktop/UART_BLOCKRAM/impl/gwsynthesis/UART_BLOCKRAM.vg" completed
Processing netlist completed
Reading constraint file: "/home/minh-bui/Desktop/UART_BLOCKRAM/src/UART_BLOCKRAM.cst"
Physical Constraint parsed completed
Running placement......
[10%] Placement Phase 0 completed
[20%] Placement Phase 1 completed
[30%] Placement Phase 2 completed
WARN  (TA1132) :  'clk' was determined to be a clock but was not created.
[50%] Placement Phase 3 completed
Running routing......
[60%] Routing Phase 0 completed
[70%] Routing Phase 1 completed
[80%] Routing Phase 2 completed
[90%] Routing Phase 3 completed
Running timing analysis......
[95%] Timing analysis completed
Placement and routing completed
Bitstream generation in progress......
Bitstream generation completed
Running power analysis......
[100%] Power analysis completed
Generate file "/home/minh-bui/Desktop/UART_BLOCKRAM/impl/pnr/UART_BLOCKRAM.power.html" completed
Generate file "/home/minh-bui/Desktop/UART_BLOCKRAM/impl/pnr/UART_BLOCKRAM.pin.html" completed
Generate file "/home/minh-bui/Desktop/UART_BLOCKRAM/impl/pnr/UART_BLOCKRAM.rpt.html" completed
Generate file "/home/minh-bui/Desktop/UART_BLOCKRAM/impl/pnr/UART_BLOCKRAM.rpt.txt" completed
Generate file "/home/minh-bui/Desktop/UART_BLOCKRAM/impl/pnr/UART_BLOCKRAM.tr.html" completed
Mon Aug 24 18:29:35 2026

