GowinSynthesis start
Running parser ...
Analyzing Verilog file '/home/minh-bui/Desktop/UART_BLOCKRAM/src/BRAM.v'
Analyzing Verilog file '/home/minh-bui/Desktop/UART_BLOCKRAM/src/baud_rate_gen.v'
Analyzing Verilog file '/home/minh-bui/Desktop/UART_BLOCKRAM/src/config.vh'
Analyzing Verilog file '/home/minh-bui/Desktop/UART_BLOCKRAM/src/uart_bram_ctrl.v'
Analyzing Verilog file '/home/minh-bui/Desktop/UART_BLOCKRAM/src/uart_bram_top.v'
Analyzing Verilog file '/home/minh-bui/Desktop/UART_BLOCKRAM/src/uart_rx.v'
Analyzing Verilog file '/home/minh-bui/Desktop/UART_BLOCKRAM/src/uart_top.v'
Analyzing Verilog file '/home/minh-bui/Desktop/UART_BLOCKRAM/src/uart_tx.v'
Compiling module 'uart_bram_top'("/home/minh-bui/Desktop/UART_BLOCKRAM/src/uart_bram_top.v":3)
Compiling module 'uart_bram_ctrl'("/home/minh-bui/Desktop/UART_BLOCKRAM/src/uart_bram_ctrl.v":2)
Compiling module 'baud_rate_gen'("/home/minh-bui/Desktop/UART_BLOCKRAM/src/baud_rate_gen.v":1)
WARN  (EX3791) : Expression size 9 truncated to fit in target size 8("/home/minh-bui/Desktop/UART_BLOCKRAM/src/baud_rate_gen.v":30)
WARN  (EX3791) : Expression size 5 truncated to fit in target size 4("/home/minh-bui/Desktop/UART_BLOCKRAM/src/baud_rate_gen.v":41)
Compiling module 'uart_rx'("/home/minh-bui/Desktop/UART_BLOCKRAM/src/uart_rx.v":1)
WARN  (EX3791) : Expression size 5 truncated to fit in target size 4("/home/minh-bui/Desktop/UART_BLOCKRAM/src/uart_rx.v":56)
WARN  (EX3791) : Expression size 5 truncated to fit in target size 4("/home/minh-bui/Desktop/UART_BLOCKRAM/src/uart_rx.v":68)
WARN  (EX3791) : Expression size 5 truncated to fit in target size 4("/home/minh-bui/Desktop/UART_BLOCKRAM/src/uart_rx.v":78)
WARN  (EX3791) : Expression size 5 truncated to fit in target size 4("/home/minh-bui/Desktop/UART_BLOCKRAM/src/uart_rx.v":85)
WARN  (EX3791) : Expression size 5 truncated to fit in target size 4("/home/minh-bui/Desktop/UART_BLOCKRAM/src/uart_rx.v":103)
Compiling module 'uart_tx'("/home/minh-bui/Desktop/UART_BLOCKRAM/src/uart_tx.v":1)
WARN  (EX3791) : Expression size 4 truncated to fit in target size 3("/home/minh-bui/Desktop/UART_BLOCKRAM/src/uart_tx.v":54)
Compiling module 'BRAM'("/home/minh-bui/Desktop/UART_BLOCKRAM/src/BRAM.v":1)
Extracting RAM for identifier 'BRAM'("/home/minh-bui/Desktop/UART_BLOCKRAM/src/BRAM.v":14)
NOTE  (EX0101) : Current top module is "uart_bram_top"
[5%] Running netlist conversion ...
Running device independent optimization ...
[10%] Optimizing Phase 0 completed
[15%] Optimizing Phase 1 completed
[25%] Optimizing Phase 2 completed
Running inference ...
[30%] Inferring Phase 0 completed
[40%] Inferring Phase 1 completed
[50%] Inferring Phase 2 completed
[55%] Inferring Phase 3 completed
Running technical mapping ...
[60%] Tech-Mapping Phase 0 completed
[65%] Tech-Mapping Phase 1 completed
[75%] Tech-Mapping Phase 2 completed
[80%] Tech-Mapping Phase 3 completed
[90%] Tech-Mapping Phase 4 completed
[95%] Generate netlist file "/home/minh-bui/Desktop/UART_BLOCKRAM/impl/gwsynthesis/UART_BLOCKRAM.vg" completed
[100%] Generate report file "/home/minh-bui/Desktop/UART_BLOCKRAM/impl/gwsynthesis/UART_BLOCKRAM_syn.rpt.html" completed
GowinSynthesis finish
